  Determining projects to restore...
  All projects are up-to-date for restore.
  ICSharpCode.NRefactory -> B:\github\dnSpyEx-dnSpy\Extensions\ILSpy.Decompiler\NRefactory\ICSharpCode.NRefactory\bin\Release\net48\ICSharpCode.NRefactory.dll
  ICSharpCode.TreeView -> B:\github\dnSpyEx-dnSpy\Libraries\ICSharpCode.TreeView\bin\Release\net48\ICSharpCode.TreeView.dll
  ICSharpCode.NRefactory -> B:\github\dnSpyEx-dnSpy\Extensions\ILSpy.Decompiler\NRefactory\ICSharpCode.NRefactory\bin\Release\net10.0-windows\ICSharpCode.NRefactory.dll
  ICSharpCode.TreeView -> B:\github\dnSpyEx-dnSpy\Libraries\ICSharpCode.TreeView\bin\Release\net10.0-windows\ICSharpCode.TreeView.dll
  dnSpy.Contracts.Logic -> B:\github\dnSpyEx-dnSpy\dnSpy\dnSpy.Contracts.Logic\bin\Release\net48\dnSpy.Contracts.Logic.dll
  dnSpy.Contracts.Logic -> B:\github\dnSpyEx-dnSpy\dnSpy\dnSpy.Contracts.Logic\bin\Release\net10.0-windows\dnSpy.Contracts.Logic.dll
  dnSpy.Debugger.DotNet.Metadata -> B:\github\dnSpyEx-dnSpy\Extensions\dnSpy.Debugger\dnSpy.Debugger.DotNet.Metadata\bin\Release\net48\dnSpy.Debugger.DotNet.Metadata.dll
  dnSpy.Images -> B:\github\dnSpyEx-dnSpy\dnSpy\dnSpy.Images\bin\Release\net10.0-windows\dnSpy.Images.dll
  dnSpy.Images -> B:\github\dnSpyEx-dnSpy\dnSpy\dnSpy.Images\bin\Release\net48\dnSpy.Images.dll
  Mono.Debugger.Soft -> B:\github\dnSpyEx-dnSpy\Extensions\dnSpy.Debugger\Mono.Debugger.Soft\bin\Release\net48\Mono.Debugger.Soft.dll
  Mono.Debugger.Soft -> B:\github\dnSpyEx-dnSpy\Extensions\dnSpy.Debugger\Mono.Debugger.Soft\bin\Release\net10.0-windows\Mono.Debugger.Soft.dll
  MakeEverythingPublic -> B:\github\dnSpyEx-dnSpy\Build\MakeEverythingPublic\bin\Release\netstandard2.0\MakeEverythingPublic.dll
  AppHostPatcher -> B:\github\dnSpyEx-dnSpy\Build\AppHostPatcher\bin\Release\net48\AppHostPatcher.exe
  MakeEverythingPublic -> B:\github\dnSpyEx-dnSpy\Build\MakeEverythingPublic\bin\Release\net10.0-windows\MakeEverythingPublic.dll
  ExpressionCompiler -> B:\github\dnSpyEx-dnSpy\dnSpy\Roslyn\Roslyn.ExpressionCompiler\Core\ExpressionCompiler\bin\Release\netstandard2.0\Microsoft.CodeAnalysis.ExpressionEvaluator.dll
  dnSpy.Contracts.DnSpy -> B:\github\dnSpyEx-dnSpy\dnSpy\dnSpy.Contracts.DnSpy\bin\Release\net48\dnSpy.Contracts.DnSpy.dll
  ConvertToNetstandardReferences -> B:\github\dnSpyEx-dnSpy\Build\ConvertToNetstandardReferences\bin\Release\netstandard2.0\ConvertToNetstandardReferences.dll
  ConvertToNetstandardReferences -> B:\github\dnSpyEx-dnSpy\Build\ConvertToNetstandardReferences\bin\Release\net48\ConvertToNetstandardReferences.dll
  dnSpy.Roslyn.Internal -> B:\github\dnSpyEx-dnSpy\dnSpy\Roslyn\dnSpy.Roslyn.Internal\bin\Release\netstandard2.0\dnSpy.Roslyn.Internal.dll
  AppHostInfoGenerator -> B:\github\dnSpyEx-dnSpy\Extensions\dnSpy.Debugger\AppHostInfoGenerator\bin\Release\net48\AppHostInfoGenerator.exe
  AppHostPatcher -> B:\github\dnSpyEx-dnSpy\Build\AppHostPatcher\bin\Release\net10.0-windows\AppHostPatcher.dll
  dnSpy.Decompiler -> B:\github\dnSpyEx-dnSpy\dnSpy\dnSpy.Decompiler\bin\Release\net48\dnSpy.Decompiler.dll
  dnSpy.Contracts.DnSpy -> B:\github\dnSpyEx-dnSpy\dnSpy\dnSpy.Contracts.DnSpy\bin\Release\net10.0-windows\dnSpy.Contracts.DnSpy.dll
  Example2.Extension -> B:\github\dnSpyEx-dnSpy\Extensions\Examples\Example2.Extension\bin\Release\net48\Example2.Extension.x.dll
  AppHostInfoGenerator -> B:\github\dnSpyEx-dnSpy\Extensions\dnSpy.Debugger\AppHostInfoGenerator\bin\Release\net10.0-windows\AppHostInfoGenerator.dll
  dnSpy.Roslyn.VisualBasic.Internal -> B:\github\dnSpyEx-dnSpy\dnSpy\Roslyn\dnSpy.Roslyn.VisualBasic.Internal\bin\Release\netstandard2.0\dnSpy.Roslyn.VisualBasic.Internal.dll
  dnSpy.Debugger.DotNet.Metadata -> B:\github\dnSpyEx-dnSpy\Extensions\dnSpy.Debugger\dnSpy.Debugger.DotNet.Metadata\bin\Release\net10.0-windows\dnSpy.Debugger.DotNet.Metadata.dll
  MakeEverythingPublic -> B:\github\dnSpyEx-dnSpy\Build\MakeEverythingPublic\bin\Release\net48\MakeEverythingPublic.dll
  dnSpy.Contracts.Debugger -> B:\github\dnSpyEx-dnSpy\dnSpy\dnSpy.Contracts.Debugger\bin\Release\net48\dnSpy.Contracts.Debugger.dll
  BasicExpressionCompiler -> B:\github\dnSpyEx-dnSpy\dnSpy\Roslyn\Roslyn.ExpressionCompiler\VisualBasic\BasicExpressionCompiler\bin\Release\netstandard2.0\Microsoft.CodeAnalysis.VisualBasic.ExpressionEvaluator.dll
  CSharpExpressionCompiler -> B:\github\dnSpyEx-dnSpy\dnSpy\Roslyn\Roslyn.ExpressionCompiler\CSharp\CSharpExpressionCompiler\bin\Release\netstandard2.0\Microsoft.CodeAnalysis.CSharp.ExpressionEvaluator.dll
  dnSpy.Roslyn.CSharp.Internal -> B:\github\dnSpyEx-dnSpy\dnSpy\Roslyn\dnSpy.Roslyn.CSharp.Internal\bin\Release\netstandard2.0\dnSpy.Roslyn.CSharp.Internal.dll
  dnSpy.StringSearcher -> B:\github\dnSpyEx-dnSpy\dnSpy\dnSpy\bin\Release\net48\dnSpy.StringSearcher.x.dll
  dnSpy.AIChat -> B:\github\dnSpyEx-dnSpy\dnSpy\dnSpy\bin\Release\net48\dnSpy.AIChat.x.dll
  Example2.Extension -> B:\github\dnSpyEx-dnSpy\Extensions\Examples\Example2.Extension\bin\Release\net10.0-windows\Example2.Extension.x.dll
  dnSpy.Decompiler -> B:\github\dnSpyEx-dnSpy\dnSpy\dnSpy.Decompiler\bin\Release\net10.0-windows\dnSpy.Decompiler.dll
  dnSpy.Debugger -> B:\github\dnSpyEx-dnSpy\dnSpy\dnSpy\bin\Release\net48\dnSpy.Debugger.x.dll
  ExpressionCompiler -> B:\github\dnSpyEx-dnSpy\dnSpy\Roslyn\Roslyn.ExpressionCompiler\Core\ExpressionCompiler\bin\Release\net10.0-windows\Microsoft.CodeAnalysis.ExpressionEvaluator.dll
  Example1.Extension -> B:\github\dnSpyEx-dnSpy\Extensions\Examples\Example1.Extension\bin\Release\net10.0-windows\Example1.Extension.x.dll
  dnSpy.Analyzer -> B:\github\dnSpyEx-dnSpy\dnSpy\dnSpy\bin\Release\net48\dnSpy.Analyzer.x.dll
  dnSpy.Contracts.Debugger -> B:\github\dnSpyEx-dnSpy\dnSpy\dnSpy.Contracts.Debugger\bin\Release\net10.0-windows\dnSpy.Contracts.Debugger.dll
  ICSharpCode.NRefactory.CSharp -> B:\github\dnSpyEx-dnSpy\Extensions\ILSpy.Decompiler\NRefactory\ICSharpCode.NRefactory.CSharp\bin\Release\net10.0-windows\ICSharpCode.NRefactory.CSharp.dll
  Example1.Extension -> B:\github\dnSpyEx-dnSpy\Extensions\Examples\Example1.Extension\bin\Release\net48\Example1.Extension.x.dll
  ConvertToNetstandardReferences -> B:\github\dnSpyEx-dnSpy\Build\ConvertToNetstandardReferences\bin\Release\net10.0-windows\ConvertToNetstandardReferences.dll
  dnSpy.AIChat -> B:\github\dnSpyEx-dnSpy\dnSpy\dnSpy\bin\Release\net10.0-windows\dnSpy.AIChat.x.dll
  dnSpy.Extension.MalwareMCP -> B:\github\dnSpyEx-dnSpy\Extensions\dnSpy.Extension.MalwareMCP\bin\Release\net10.0-windows\dnSpy.Extension.MalwareMCP.x.dll
  BasicExpressionCompiler -> B:\github\dnSpyEx-dnSpy\dnSpy\Roslyn\Roslyn.ExpressionCompiler\VisualBasic\BasicExpressionCompiler\bin\Release\net10.0-windows\Microsoft.CodeAnalysis.VisualBasic.ExpressionEvaluator.dll
  dnSpy.StringSearcher -> B:\github\dnSpyEx-dnSpy\dnSpy\dnSpy\bin\Release\net10.0-windows\dnSpy.StringSearcher.x.dll
  dnSpy.Console -> B:\github\dnSpyEx-dnSpy\dnSpy\dnSpy\bin\Release\net48\dnSpy.Console.exe
  ICSharpCode.NRefactory.CSharp -> B:\github\dnSpyEx-dnSpy\Extensions\ILSpy.Decompiler\NRefactory\ICSharpCode.NRefactory.CSharp\bin\Release\net48\ICSharpCode.NRefactory.CSharp.dll
  CSharpExpressionCompiler -> B:\github\dnSpyEx-dnSpy\dnSpy\Roslyn\Roslyn.ExpressionCompiler\CSharp\CSharpExpressionCompiler\bin\Release\net10.0-windows\Microsoft.CodeAnalysis.CSharp.ExpressionEvaluator.dll
  dnSpy.Analyzer -> B:\github\dnSpyEx-dnSpy\dnSpy\dnSpy\bin\Release\net10.0-windows\dnSpy.Analyzer.x.dll
  dnSpy.AsmEditor -> B:\github\dnSpyEx-dnSpy\dnSpy\dnSpy\bin\Release\net48\dnSpy.AsmEditor.x.dll
  dnSpy.Roslyn.Internal -> B:\github\dnSpyEx-dnSpy\dnSpy\Roslyn\dnSpy.Roslyn.Internal\bin\Release\net10.0-windows\dnSpy.Roslyn.Internal.dll
  dnSpy.Debugger.DotNet.Interpreter -> B:\github\dnSpyEx-dnSpy\Extensions\dnSpy.Debugger\dnSpy.Debugger.DotNet.Interpreter\bin\Release\net10.0-windows\dnSpy.Debugger.DotNet.Interpreter.dll
  dnSpy.Contracts.Debugger.DotNet -> B:\github\dnSpyEx-dnSpy\dnSpy\dnSpy.Contracts.Debugger.DotNet\bin\Release\net48\dnSpy.Contracts.Debugger.DotNet.dll
  dnSpy.Debugger.DotNet.Interpreter -> B:\github\dnSpyEx-dnSpy\Extensions\dnSpy.Debugger\dnSpy.Debugger.DotNet.Interpreter\bin\Release\net48\dnSpy.Debugger.DotNet.Interpreter.dll
  dnSpy.Contracts.Debugger.DotNet.CorDebug -> B:\github\dnSpyEx-dnSpy\dnSpy\dnSpy.Contracts.Debugger.DotNet.CorDebug\bin\Release\net48\dnSpy.Contracts.Debugger.DotNet.CorDebug.dll
  dnSpy.Contracts.Debugger.DotNet.Mono -> B:\github\dnSpyEx-dnSpy\dnSpy\dnSpy.Contracts.Debugger.DotNet.Mono\bin\Release\net48\dnSpy.Contracts.Debugger.DotNet.Mono.dll
  dnSpy.Debugger -> B:\github\dnSpyEx-dnSpy\dnSpy\dnSpy\bin\Release\net10.0-windows\dnSpy.Debugger.x.dll
  ICSharpCode.Decompiler -> B:\github\dnSpyEx-dnSpy\Extensions\ILSpy.Decompiler\ICSharpCode.Decompiler\ICSharpCode.Decompiler\bin\Release\net10.0-windows\ICSharpCode.Decompiler.dll
  dnSpy.Contracts.Debugger.DotNet -> B:\github\dnSpyEx-dnSpy\dnSpy\dnSpy.Contracts.Debugger.DotNet\bin\Release\net10.0-windows\dnSpy.Contracts.Debugger.DotNet.dll
  dnSpy.Debugger.DotNet.CorDebug -> B:\github\dnSpyEx-dnSpy\dnSpy\dnSpy\bin\Release\net48\dnSpy.Debugger.DotNet.CorDebug.x.dll
  dnSpy.Roslyn -> B:\github\dnSpyEx-dnSpy\dnSpy\Roslyn\dnSpy.Roslyn\bin\Release\net48\dnSpy.Roslyn.dll
  dnSpy.Debugger.DotNet -> B:\github\dnSpyEx-dnSpy\dnSpy\dnSpy\bin\Release\net48\dnSpy.Debugger.DotNet.x.dll
  dnSpy.Debugger.DotNet.Mono -> B:\github\dnSpyEx-dnSpy\dnSpy\dnSpy\bin\Release\net48\dnSpy.Debugger.DotNet.Mono.x.dll
  ICSharpCode.NRefactory.VB -> B:\github\dnSpyEx-dnSpy\Extensions\ILSpy.Decompiler\ICSharpCode.Decompiler\NRefactory.VB\ICSharpCode.NRefactory.VB\bin\Release\net10.0-windows\ICSharpCode.NRefactory.VB.dll
  ICSharpCode.Decompiler -> B:\github\dnSpyEx-dnSpy\Extensions\ILSpy.Decompiler\ICSharpCode.Decompiler\ICSharpCode.Decompiler\bin\Release\net48\ICSharpCode.Decompiler.dll
  dnSpy.Scripting.Roslyn -> B:\github\dnSpyEx-dnSpy\dnSpy\dnSpy\bin\Release\net48\dnSpy.Scripting.Roslyn.x.dll
  dnSpy.BamlDecompiler -> B:\github\dnSpyEx-dnSpy\dnSpy\dnSpy\bin\Release\net10.0-windows\dnSpy.BamlDecompiler.x.dll
  dnSpy.Console -> B:\github\dnSpyEx-dnSpy\dnSpy\dnSpy\bin\Release\net10.0-windows\dnSpy.Console.dll
  ICSharpCode.NRefactory.VB -> B:\github\dnSpyEx-dnSpy\Extensions\ILSpy.Decompiler\ICSharpCode.Decompiler\NRefactory.VB\ICSharpCode.NRefactory.VB\bin\Release\net48\ICSharpCode.NRefactory.VB.dll
  dnSpy.Roslyn.EditorFeatures -> B:\github\dnSpyEx-dnSpy\dnSpy\Roslyn\dnSpy.Roslyn.EditorFeatures\bin\Release\net48\dnSpy.Roslyn.EditorFeatures.dll
  dnSpy.AsmEditor -> B:\github\dnSpyEx-dnSpy\dnSpy\dnSpy\bin\Release\net10.0-windows\dnSpy.AsmEditor.x.dll
  dnSpy.BamlDecompiler -> B:\github\dnSpyEx-dnSpy\dnSpy\dnSpy\bin\Release\net48\dnSpy.BamlDecompiler.x.dll
  dnSpy.Roslyn.CSharp.Internal -> B:\github\dnSpyEx-dnSpy\dnSpy\Roslyn\dnSpy.Roslyn.CSharp.Internal\bin\Release\net10.0-windows\dnSpy.Roslyn.CSharp.Internal.dll
  dnSpy.Decompiler.ILSpy.Core -> B:\github\dnSpyEx-dnSpy\Extensions\ILSpy.Decompiler\dnSpy.Decompiler.ILSpy.Core\bin\Release\net48\dnSpy.Decompiler.ILSpy.Core.dll
  dnSpy.Roslyn.VisualBasic.Internal -> B:\github\dnSpyEx-dnSpy\dnSpy\Roslyn\dnSpy.Roslyn.VisualBasic.Internal\bin\Release\net10.0-windows\dnSpy.Roslyn.VisualBasic.Internal.dll
  dnSpy.Decompiler.ILSpy.Core -> B:\github\dnSpyEx-dnSpy\Extensions\ILSpy.Decompiler\dnSpy.Decompiler.ILSpy.Core\bin\Release\net10.0-windows\dnSpy.Decompiler.ILSpy.Core.dll
  dnSpy.Decompiler.ILSpy -> B:\github\dnSpyEx-dnSpy\dnSpy\dnSpy\bin\Release\net48\dnSpy.Decompiler.ILSpy.x.dll
  dnSpy.Roslyn.VisualBasic.EditorFeatures -> B:\github\dnSpyEx-dnSpy\dnSpy\Roslyn\dnSpy.Roslyn.VisualBasic.EditorFeatures\bin\Release\net48\dnSpy.Roslyn.VisualBasic.EditorFeatures.dll
  dnSpy.Debugger.DotNet -> B:\github\dnSpyEx-dnSpy\dnSpy\dnSpy\bin\Release\net10.0-windows\dnSpy.Debugger.DotNet.x.dll
  dnSpy.Contracts.Debugger.DotNet.Mono -> B:\github\dnSpyEx-dnSpy\dnSpy\dnSpy.Contracts.Debugger.DotNet.Mono\bin\Release\net10.0-windows\dnSpy.Contracts.Debugger.DotNet.Mono.dll
  dnSpy.Contracts.Debugger.DotNet.CorDebug -> B:\github\dnSpyEx-dnSpy\dnSpy\dnSpy.Contracts.Debugger.DotNet.CorDebug\bin\Release\net10.0-windows\dnSpy.Contracts.Debugger.DotNet.CorDebug.dll
  dnSpy.Roslyn.CSharp.EditorFeatures -> B:\github\dnSpyEx-dnSpy\dnSpy\Roslyn\dnSpy.Roslyn.CSharp.EditorFeatures\bin\Release\net48\dnSpy.Roslyn.CSharp.EditorFeatures.dll
  dnSpy.Decompiler.ILSpy -> B:\github\dnSpyEx-dnSpy\dnSpy\dnSpy\bin\Release\net10.0-windows\dnSpy.Decompiler.ILSpy.x.dll
  dnSpy.Roslyn -> B:\github\dnSpyEx-dnSpy\dnSpy\Roslyn\dnSpy.Roslyn\bin\Release\net10.0-windows\dnSpy.Roslyn.dll
  dnSpy -> B:\github\dnSpyEx-dnSpy\dnSpy\dnSpy\bin\Release\net48\dnSpy.exe
  dnSpy.Debugger.DotNet.Mono -> B:\github\dnSpyEx-dnSpy\dnSpy\dnSpy\bin\Release\net10.0-windows\dnSpy.Debugger.DotNet.Mono.x.dll
  dnSpy.Roslyn.EditorFeatures -> B:\github\dnSpyEx-dnSpy\dnSpy\Roslyn\dnSpy.Roslyn.EditorFeatures\bin\Release\net10.0-windows\dnSpy.Roslyn.EditorFeatures.dll
  dnSpy.Debugger.DotNet.CorDebug -> B:\github\dnSpyEx-dnSpy\dnSpy\dnSpy\bin\Release\net10.0-windows\dnSpy.Debugger.DotNet.CorDebug.x.dll
  dnSpy.Scripting.Roslyn -> B:\github\dnSpyEx-dnSpy\dnSpy\dnSpy\bin\Release\net10.0-windows\dnSpy.Scripting.Roslyn.x.dll
  dnSpy-x86 -> B:\github\dnSpyEx-dnSpy\dnSpy\dnSpy\bin\Release\net48\dnSpy-x86.exe
  dnSpy.Roslyn.VisualBasic.EditorFeatures -> B:\github\dnSpyEx-dnSpy\dnSpy\Roslyn\dnSpy.Roslyn.VisualBasic.EditorFeatures\bin\Release\net10.0-windows\dnSpy.Roslyn.VisualBasic.EditorFeatures.dll
  dnSpy.Roslyn.CSharp.EditorFeatures -> B:\github\dnSpyEx-dnSpy\dnSpy\Roslyn\dnSpy.Roslyn.CSharp.EditorFeatures\bin\Release\net10.0-windows\dnSpy.Roslyn.CSharp.EditorFeatures.dll
  dnSpy -> B:\github\dnSpyEx-dnSpy\dnSpy\dnSpy\bin\Release\net10.0-windows\dnSpy.dll
  dnSpy-x86 -> B:\github\dnSpyEx-dnSpy\dnSpy\dnSpy\bin\Release\net10.0-windows\dnSpy-x86.dll

Build succeeded.
    0 Warning(s)
    0 Error(s)

Time Elapsed 00:00:06.75
